******************************************************************************
                  TI ARM Linker PC v18.1.3                     
******************************************************************************
>> Linked Sun Sep 29 15:52:04 2019

OUTPUT FILE NAME:   <aoa_receiver_cc2640r2lp_app.out>
ENTRY POINT SYMBOL: "ResetISR"  address: 000105d5


MEMORY CONFIGURATION

         name            origin    length      used     unused   attr    fill
----------------------  --------  ---------  --------  --------  ----  --------
  FLASH                 00000000   0001f000  000170da  00007f26  R  X
  FLASH_LAST_PAGE       0001f000   00001000  00000058  00000fa8  R  X
  SRAM                  20000000   00004400  0000289c  00001b64  RW X


SEGMENT ALLOCATION MAP

run origin  load origin   length   init length attrs members
----------  ----------- ---------- ----------- ----- -------
00000000    00000000    000160e4   000160e4    r-x
  00000000    00000000    0000003c   0000003c    r-- .resetVecs
  0000003c    0000003c    00000fc4   00000fc4    r-x .text.1
  00001000    00001000    00000028   00000028    r-- .const:ti_sysbios_heaps_HeapMem_Module__FXNS__C
  00001028    00001028    00000024   00000024    r-- .const:ti_sysbios_gates_GateHwi_Module__FXNS__C
  0000104c    0000104c    00000024   00000024    r-- .const:ti_sysbios_gates_GateMutex_Module__FXNS__C
  00001070    00001070    00000020   00000020    r-- .const:ti_sysbios_family_arm_m3_Hwi_Object__DESC__C
  00001090    00001090    00000020   00000020    r-- .const:ti_sysbios_gates_GateHwi_Object__DESC__C
  000010b0    000010b0    00000020   00000020    r-- .const:ti_sysbios_gates_GateMutex_Object__DESC__C
  000010d0    000010d0    00000020   00000020    r-- .const:ti_sysbios_hal_Hwi_Object__DESC__C
  000010f0    000010f0    00000020   00000020    r-- .const:ti_sysbios_heaps_HeapMem_Object__DESC__C
  00001110    00001110    00000020   00000020    r-- .const:ti_sysbios_knl_Clock_Object__DESC__C
  00001130    00001130    00000020   00000020    r-- .const:ti_sysbios_knl_Event_Object__DESC__C
  00001150    00001150    00000020   00000020    r-- .const:ti_sysbios_knl_Mailbox_Object__DESC__C
  00001170    00001170    00000020   00000020    r-- .const:ti_sysbios_knl_Queue_Object__DESC__C
  00001190    00001190    00000020   00000020    r-- .const:ti_sysbios_knl_Semaphore_Object__DESC__C
  000011b0    000011b0    00000020   00000020    r-- .const:ti_sysbios_knl_Swi_Object__DESC__C
  000011d0    000011d0    00000020   00000020    r-- .const:ti_sysbios_knl_Task_Object__DESC__C
  000011f0    000011f0    00000008   00000008    r-- .const:ti_sysbios_knl_Idle_funcList__C
  000011f8    000011f8    00000004   00000004    r-- .const:ti_sysbios_family_arm_cc26xx_Timer_startupNeeded__C
  000011fc    000011fc    00000004   00000004    r-- .const:ti_sysbios_family_arm_m3_Hwi_E_alreadyDefined__C
  00001200    00001200    00000004   00000004    r-- .const:ti_sysbios_family_arm_m3_Hwi_E_hwiLimitExceeded__C
  00001204    00001204    00000004   00000004    r-- .const:ti_sysbios_family_arm_m3_Hwi_NUM_INTERRUPTS__C
  00001208    00001208    00000004   00000004    r-- .const:ti_sysbios_family_arm_m3_Hwi_Object__count__C
  0000120c    0000120c    00000004   00000004    r-- .const:ti_sysbios_family_arm_m3_Hwi_Object__table__C
  00001210    00001210    00000004   00000004    r-- .const:ti_sysbios_family_arm_m3_Hwi_ccr__C
  00001214    00001214    00000004   00000004    r-- .const:ti_sysbios_family_arm_m3_Hwi_excHandlerFunc__C
  00001218    00001218    00000004   00000004    r-- .const:ti_sysbios_family_arm_m3_Hwi_nullIsrFunc__C
  0000121c    0000121c    00000004   00000004    r-- .const:ti_sysbios_family_arm_m3_Hwi_numSparseInterrupts__C
  00001220    00001220    00000004   00000004    r-- .const:ti_sysbios_family_arm_m3_Hwi_priGroup__C
  00001224    00001224    00000004   00000004    r-- .const:ti_sysbios_family_arm_m3_TaskSupport_stackAlignment__C
  00001228    00001228    00000004   00000004    r-- .const:ti_sysbios_heaps_HeapMem_E_memory__C
  0000122c    0000122c    00000004   00000004    r-- .const:ti_sysbios_heaps_HeapMem_Module__gateObj__C
  00001230    00001230    00000004   00000004    r-- .const:ti_sysbios_heaps_HeapMem_Object__count__C
  00001234    00001234    00000004   00000004    r-- .const:ti_sysbios_heaps_HeapMem_Object__table__C
  00001238    00001238    00000004   00000004    r-- .const:ti_sysbios_heaps_HeapMem_reqAlign__C
  0000123c    0000123c    00000004   00000004    r-- .const:ti_sysbios_knl_Clock_triggerClock__C
  00001240    00001240    00000004   00000004    r-- .const:ti_sysbios_knl_Mailbox_Object__count__C
  00001244    00001244    00000004   00000004    r-- .const:ti_sysbios_knl_Mailbox_Object__table__C
  00001248    00001248    00000004   00000004    r-- .const:ti_sysbios_knl_Mailbox_maxTypeAlign__C
  0000124c    0000124c    00000004   00000004    r-- .const:ti_sysbios_knl_Queue_Object__count__C
  00001250    00001250    00000004   00000004    r-- .const:ti_sysbios_knl_Queue_Object__table__C
  00001254    00001254    00000004   00000004    r-- .const:ti_sysbios_knl_Semaphore_eventPost__C
  00001258    00001258    00000004   00000004    r-- .const:ti_sysbios_knl_Semaphore_eventSync__C
  0000125c    0000125c    00000004   00000004    r-- .const:ti_sysbios_knl_Swi_Object__count__C
  00001260    00001260    00000004   00000004    r-- .const:ti_sysbios_knl_Swi_Object__table__C
  00001264    00001264    00000004   00000004    r-- .const:ti_sysbios_knl_Swi_numPriorities__C
  00001268    00001268    00000004   00000004    r-- .const:ti_sysbios_knl_Task_Object__count__C
  0000126c    0000126c    00000004   00000004    r-- .const:ti_sysbios_knl_Task_Object__table__C
  00001270    00001270    00000004   00000004    r-- .const:ti_sysbios_knl_Task_allBlockedFunc__C
  00001274    00001274    00000004   00000004    r-- .const:ti_sysbios_knl_Task_defaultStackHeap__C
  00001278    00001278    00000004   00000004    r-- .const:ti_sysbios_knl_Task_defaultStackSize__C
  0000127c    0000127c    00000004   00000004    r-- .const:ti_sysbios_knl_Task_numConstructedTasks__C
  00001280    00001280    00000002   00000002    r-- .const:ti_sysbios_family_arm_cc26xx_Timer_Module__id__C
  00001282    00001282    00000002   00000002    r-- .const:ti_sysbios_family_arm_cc26xx_TimestampProvider_useClockTimer__C
  00001284    00001284    00000002   00000002    r-- .const:ti_sysbios_family_arm_m3_Hwi_Module__id__C
  00001286    00001286    00000002   00000002    r-- .const:ti_sysbios_gates_GateHwi_Module__id__C
  00001288    00001288    00000002   00000002    r-- .const:ti_sysbios_gates_GateMutex_Module__id__C
  0000128a    0000128a    00000002   00000002    r-- .const:ti_sysbios_heaps_HeapMem_Module__id__C
  0000128c    0000128c    00000002   00000002    r-- .const:ti_sysbios_knl_Task_initStackFlag__C
  0000128e    0000128e    00000001   00000001    r-- .const:ti_sysbios_knl_Clock_tickMode__C
  00001290    00001290    00000008   00000008    r-- .const:xdc_runtime_Startup_firstFxns__C
  00001298    00001298    00000008   00000008    r-- .const:xdc_runtime_Startup_lastFxns__C
  000012a0    000012a0    00000004   00000004    r-- .const:xdc_runtime_Assert_E_assertFailed__C
  000012a4    000012a4    00000004   00000004    r-- .const:xdc_runtime_Error_E_memory__C
  000012a8    000012a8    00000004   00000004    r-- .const:xdc_runtime_Error_policyFxn__C
  000012ac    000012ac    00000004   00000004    r-- .const:xdc_runtime_Error_raiseHook__C
  000012b0    000012b0    00000004   00000004    r-- .const:xdc_runtime_IGateProvider_Interface__BASE__C
  000012b4    000012b4    00000004   00000004    r-- .const:xdc_runtime_IHeap_Interface__BASE__C
  000012b8    000012b8    00000004   00000004    r-- .const:xdc_runtime_IModule_Interface__BASE__C
  000012bc    000012bc    00000004   00000004    r-- .const:xdc_runtime_Memory_defaultHeapInstance__C
  000012c0    000012c0    00000004   00000004    r-- .const:xdc_runtime_Startup_execImpl__C
  000012c4    000012c4    00000004   00000004    r-- .const:xdc_runtime_Startup_maxPasses__C
  000012c8    000012c8    00000004   00000004    r-- .const:xdc_runtime_Startup_sfxnRts__C
  000012cc    000012cc    00000004   00000004    r-- .const:xdc_runtime_Startup_sfxnTab__C
  000012d0    000012d0    00000004   00000004    r-- .const:xdc_runtime_Startup_startModsFxn__C
  000012d4    000012d4    00000004   00000004    r-- .const:xdc_runtime_SysCallback_abortFxn__C
  000012d8    000012d8    00000004   00000004    r-- .const:xdc_runtime_SysCallback_exitFxn__C
  000012dc    000012dc    00000004   00000004    r-- .const:xdc_runtime_System_abortFxn__C
  000012e0    000012e0    00000004   00000004    r-- .const:xdc_runtime_System_exitFxn__C
  000012e4    000012e4    00000004   00000004    r-- .const:xdc_runtime_System_maxAtexitHandlers__C
  000012e8    000012e8    00000004   00000004    r-- .const:xdc_runtime_Text_charTab__C
  000012ec    000012ec    00000004   00000004    r-- .const:xdc_runtime_Text_nameEmpty__C
  000012f0    000012f0    00000004   00000004    r-- .const:xdc_runtime_Text_nameStatic__C
  000012f4    000012f4    00000004   00000004    r-- .const:xdc_runtime_Text_nameUnknown__C
  000012f8    000012f8    00000002   00000002    r-- .const:xdc_runtime_Error_maxDepth__C
  000012fa    000012fa    00000002   00000002    r-- .const:xdc_runtime_Memory_Module__id__C
  000012fc    000012fc    00000002   00000002    r-- .const:xdc_runtime_Text_charCnt__C
  000012fe    000012fe    00000002   00000002    r-- .const:xdc_runtime_Text_isLoaded__C
  00001300    00001300    00000001   00000001    r-- .const:xdc_runtime_Error_policy__C
  00001304    00001304    00000004   00000004    r-- .const:ti_sysbios_rom_ROM_ti_sysbios_family_arm_cc26xx_Timer_getCount64__E
  00001308    00001308    00000004   00000004    r-- .const:ti_sysbios_rom_ROM_ti_sysbios_family_arm_cc26xx_Timer_getCurrentTick__E
  0000130c    0000130c    00000004   00000004    r-- .const:ti_sysbios_rom_ROM_ti_sysbios_family_arm_cc26xx_Timer_getMaxTicks__E
  00001310    00001310    00000004   00000004    r-- .const:ti_sysbios_rom_ROM_ti_sysbios_family_arm_cc26xx_Timer_initDevice__I
  00001314    00001314    00000004   00000004    r-- .const:ti_sysbios_rom_ROM_ti_sysbios_family_arm_cc26xx_Timer_setNextTick__E
  00001318    00001318    00000004   00000004    r-- .const:ti_sysbios_rom_ROM_ti_sysbios_family_arm_cc26xx_Timer_setThreshold__I
  0000131c    0000131c    00000004   00000004    r-- .const:ti_sysbios_rom_ROM_ti_sysbios_family_arm_cc26xx_Timer_start__E
  00001320    00001320    00000004   00000004    r-- .const:ti_sysbios_rom_ROM_ti_sysbios_family_arm_cc26xx_TimestampProvider_get32__E
  00001324    00001324    00000004   00000004    r-- .const:ti_sysbios_rom_ROM_xdc_runtime_Startup_getState__I
  00001328    00001328    00000004   00000004    r-- .const:ti_sysbios_rom_ROM_xdc_runtime_System_SupportProxy_abort__E
  0000132c    0000132c    00000004   00000004    r-- .const:ti_sysbios_rom_ROM_xdc_runtime_System_SupportProxy_exit__E
  00001330    00001330    00012998   00012998    r-x .text.2
  00013cc8    00013cc8    00001df8   00001df8    r-- .const
  00015ac0    00015ac0    0000010a   0000010a    r-- .rodata
  00015bd0    00015bd0    00000514   00000514    r-- .cinit
0001e000    0001e000    00001000   00001000    r--
  0001e000    0001e000    00001000   00001000    r-- .snvSectors
0001ffa8    0001ffa8    00000058   00000058    r--
  0001ffa8    0001ffa8    00000058   00000058    r-- .ccfg
20000100    20000100    00000106   00000000    rw-
  20000100    20000100    00000044   00000000    rw- .data:ti_sysbios_knl_Task_Module__state__V
  20000144    20000144    00000034   00000000    rw- .data:ti_sysbios_family_arm_m3_Hwi_Module__state__V
  20000178    20000178    0000002c   00000000    rw- .data:ti_sysbios_knl_Clock_Module__state__V
  200001a4    200001a4    00000024   00000000    rw- .data:ti_sysbios_BIOS_Module__state__V
  200001c8    200001c8    0000001c   00000000    rw- .data:ti_sysbios_knl_Swi_Module__state__V
  200001e4    200001e4    00000008   00000000    rw- .data:ti_sysbios_family_arm_cc26xx_Timer_Module__state__V
  200001ec    200001ec    00000004   00000000    rw- .data:ti_sysbios_family_arm_cc26xx_TimestampProvider_Module__state__V
  200001f0    200001f0    00000008   00000000    rw- .data:xdc_runtime_Startup_Module__state__V
  200001f8    200001f8    00000008   00000000    rw- .data:xdc_runtime_System_Module__state__V
  20000200    20000200    00000004   00000000    rw- .data:xdc_runtime_Memory_Module__state__V
  20000204    20000204    00000002   00000000    rw- .data:xdc_runtime_Error_Module__state__V
20000490    20000490    00000010   00000000    rw-
  20000490    20000490    00000010   00000000    rw- .TI.bound:dmaGpt0ControlTableEntry$5
200004e0    200004e0    000022be   00000000    rw-
  200004e0    200004e0    00000010   00000000    rw- .TI.bound:dmaProg0ControlTableEntry$5
  200004f0    200004f0    00001725   00000000    rw- .data
  20001c18    20001c18    00000b86   00000000    rw- .bss
20004000    20004000    00000400   00000000    rw-
  20004000    20004000    00000400   00000000    rw- .stack


SECTION ALLOCATION MAP

 output                                  attributes/
section   page    origin      length       input sections
--------  ----  ----------  ----------   ----------------
.const:ti_sysbios_heaps_HeapMem_Module__FXNS__C 
*          0    00001000    00000028     
                  00001000    00000028     app_ble_pem3.oem3 (.const:ti_sysbios_heaps_HeapMem_Module__FXNS__C)

.const:ti_sysbios_gates_GateHwi_Module__FXNS__C 
*          0    00001028    00000024     
                  00001028    00000024     app_ble_pem3.oem3 (.const:ti_sysbios_gates_GateHwi_Module__FXNS__C)

.const:ti_sysbios_gates_GateMutex_Module__FXNS__C 
*          0    0000104c    00000024     
                  0000104c    00000024     app_ble_pem3.oem3 (.const:ti_sysbios_gates_GateMutex_Module__FXNS__C)

.const:ti_sysbios_family_arm_m3_Hwi_Object__DESC__C 
*          0    00001070    00000020     
                  00001070    00000020     app_ble_pem3.oem3 (.const:ti_sysbios_family_arm_m3_Hwi_Object__DESC__C)

.const:ti_sysbios_gates_GateHwi_Object__DESC__C 
*          0    00001090    00000020     
                  00001090    00000020     app_ble_pem3.oem3 (.const:ti_sysbios_gates_GateHwi_Object__DESC__C)

.const:ti_sysbios_gates_GateMutex_Object__DESC__C 
*          0    000010b0    00000020     
                  000010b0    00000020     app_ble_pem3.oem3 (.const:ti_sysbios_gates_GateMutex_Object__DESC__C)

.const:ti_sysbios_hal_Hwi_Object__DESC__C 
*          0    000010d0    00000020     
                  000010d0    00000020     app_ble_pem3.oem3 (.const:ti_sysbios_hal_Hwi_Object__DESC__C)

.const:ti_sysbios_heaps_HeapMem_Object__DESC__C 
*          0    000010f0    00000020     
                  000010f0    00000020     app_ble_pem3.oem3 (.const:ti_sysbios_heaps_HeapMem_Object__DESC__C)

.const:ti_sysbios_knl_Clock_Object__DESC__C 
*          0    00001110    00000020     
                  00001110    00000020     app_ble_pem3.oem3 (.const:ti_sysbios_knl_Clock_Object__DESC__C)

.const:ti_sysbios_knl_Event_Object__DESC__C 
*          0    00001130    00000020     
                  00001130    00000020     app_ble_pem3.oem3 (.const:ti_sysbios_knl_Event_Object__DESC__C)

.const:ti_sysbios_knl_Mailbox_Object__DESC__C 
*          0    00001150    00000020     
                  00001150    00000020     app_ble_pem3.oem3 (.const:ti_sysbios_knl_Mailbox_Object__DESC__C)

.const:ti_sysbios_knl_Queue_Object__DESC__C 
*          0    00001170    00000020     
                  00001170    00000020     app_ble_pem3.oem3 (.const:ti_sysbios_knl_Queue_Object__DESC__C)

.const:ti_sysbios_knl_Semaphore_Object__DESC__C 
*          0    00001190    00000020     
                  00001190    00000020     app_ble_pem3.oem3 (.const:ti_sysbios_knl_Semaphore_Object__DESC__C)

.const:ti_sysbios_knl_Swi_Object__DESC__C 
*          0    000011b0    00000020     
                  000011b0    00000020     app_ble_pem3.oem3 (.const:ti_sysbios_knl_Swi_Object__DESC__C)

.const:ti_sysbios_knl_Task_Object__DESC__C 
*          0    000011d0    00000020     
                  000011d0    00000020     app_ble_pem3.oem3 (.const:ti_sysbios_knl_Task_Object__DESC__C)

.const:ti_sysbios_knl_Idle_funcList__C 
*          0    000011f0    00000008     
                  000011f0    00000008     app_ble_pem3.oem3 (.const:ti_sysbios_knl_Idle_funcList__C)

.const:ti_sysbios_family_arm_cc26xx_Timer_startupNeeded__C 
*          0    000011f8    00000004     
                  000011f8    00000004     app_ble_pem3.oem3 (.const:ti_sysbios_family_arm_cc26xx_Timer_startupNeeded__C)

.const:ti_sysbios_family_arm_m3_Hwi_E_alreadyDefined__C 
*          0    000011fc    00000004     
                  000011fc    00000004     app_ble_pem3.oem3 (.const:ti_sysbios_family_arm_m3_Hwi_E_alreadyDefined__C)

.const:ti_sysbios_family_arm_m3_Hwi_E_hwiLimitExceeded__C 
*          0    00001200    00000004     
                  00001200    00000004     app_ble_pem3.oem3 (.const:ti_sysbios_family_arm_m3_Hwi_E_hwiLimitExceeded__C)

.const:ti_sysbios_family_arm_m3_Hwi_NUM_INTERRUPTS__C 
*          0    00001204    00000004     
                  00001204    00000004     app_ble_pem3.oem3 (.const:ti_sysbios_family_arm_m3_Hwi_NUM_INTERRUPTS__C)

.const:ti_sysbios_family_arm_m3_Hwi_Object__count__C 
*          0    00001208    00000004     
                  00001208    00000004     app_ble_pem3.oem3 (.const:ti_sysbios_family_arm_m3_Hwi_Object__count__C)

.const:ti_sysbios_family_arm_m3_Hwi_Object__table__C 
*          0    0000120c    00000004     
                  0000120c    00000004     app_ble_pem3.oem3 (.const:ti_sysbios_family_arm_m3_Hwi_Object__table__C)

.const:ti_sysbios_family_arm_m3_Hwi_ccr__C 
*          0    00001210    00000004     
                  00001210    00000004     app_ble_pem3.oem3 (.const:ti_sysbios_family_arm_m3_Hwi_ccr__C)

.const:ti_sysbios_family_arm_m3_Hwi_excHandlerFunc__C 
*          0    00001214    00000004     
                  00001214    00000004     app_ble_pem3.oem3 (.const:ti_sysbios_family_arm_m3_Hwi_excHandlerFunc__C)

.const:ti_sysbios_family_arm_m3_Hwi_nullIsrFunc__C 
*          0    00001218    00000004     
                  00001218    00000004     app_ble_pem3.oem3 (.const:ti_sysbios_family_arm_m3_Hwi_nullIsrFunc__C)

.const:ti_sysbios_family_arm_m3_Hwi_numSparseInterrupts__C 
*          0    0000121c    00000004     
                  0000121c    00000004     app_ble_pem3.oem3 (.const:ti_sysbios_family_arm_m3_Hwi_numSparseInterrupts__C)

.const:ti_sysbios_family_arm_m3_Hwi_priGroup__C 
*          0    00001220    00000004     
                  00001220    00000004     app_ble_pem3.oem3 (.const:ti_sysbios_family_arm_m3_Hwi_priGroup__C)

.const:ti_sysbios_family_arm_m3_TaskSupport_stackAlignment__C 
*          0    00001224    00000004     
                  00001224    00000004     app_ble_pem3.oem3 (.const:ti_sysbios_family_arm_m3_TaskSupport_stackAlignment__C)

.const:ti_sysbios_heaps_HeapMem_E_memory__C 
*          0    00001228    00000004     
                  00001228    00000004     app_ble_pem3.oem3 (.const:ti_sysbios_heaps_HeapMem_E_memory__C)

.const:ti_sysbios_heaps_HeapMem_Module__gateObj__C 
*          0    0000122c    00000004     
                  0000122c    00000004     app_ble_pem3.oem3 (.const:ti_sysbios_heaps_HeapMem_Module__gateObj__C)

.const:ti_sysbios_heaps_HeapMem_Object__count__C 
*          0    00001230    00000004     
                  00001230    00000004     app_ble_pem3.oem3 (.const:ti_sysbios_heaps_HeapMem_Object__count__C)

.const:ti_sysbios_heaps_HeapMem_Object__table__C 
*          0    00001234    00000004     
                  00001234    00000004     app_ble_pem3.oem3 (.const:ti_sysbios_heaps_HeapMem_Object__table__C)

.const:ti_sysbios_heaps_HeapMem_reqAlign__C 
*          0    00001238    00000004     
                  00001238    00000004     app_ble_pem3.oem3 (.const:ti_sysbios_heaps_HeapMem_reqAlign__C)

.const:ti_sysbios_knl_Clock_triggerClock__C 
*          0    0000123c    00000004     
                  0000123c    00000004     app_ble_pem3.oem3 (.const:ti_sysbios_knl_Clock_triggerClock__C)

.const:ti_sysbios_knl_Mailbox_Object__count__C 
*          0    00001240    00000004     
                  00001240    00000004     app_ble_pem3.oem3 (.const:ti_sysbios_knl_Mailbox_Object__count__C)

.const:ti_sysbios_knl_Mailbox_Object__table__C 
*          0    00001244    00000004     
                  00001244    00000004     app_ble_pem3.oem3 (.const:ti_sysbios_knl_Mailbox_Object__table__C)

.const:ti_sysbios_knl_Mailbox_maxTypeAlign__C 
*          0    00001248    00000004     
                  00001248    00000004     app_ble_pem3.oem3 (.const:ti_sysbios_knl_Mailbox_maxTypeAlign__C)

.const:ti_sysbios_knl_Queue_Object__count__C 
*          0    0000124c    00000004     
                  0000124c    00000004     app_ble_pem3.oem3 (.const:ti_sysbios_knl_Queue_Object__count__C)

.const:ti_sysbios_knl_Queue_Object__table__C 
*          0    00001250    00000004     
                  00001250    00000004     app_ble_pem3.oem3 (.const:ti_sysbios_knl_Queue_Object__table__C)

.const:ti_sysbios_knl_Semaphore_eventPost__C 
*          0    00001254    00000004     
                  00001254    00000004     app_ble_pem3.oem3 (.const:ti_sysbios_knl_Semaphore_eventPost__C)

.const:ti_sysbios_knl_Semaphore_eventSync__C 
*          0    00001258    00000004     
                  00001258    00000004     app_ble_pem3.oem3 (.const:ti_sysbios_knl_Semaphore_eventSync__C)

.const:ti_sysbios_knl_Swi_Object__count__C 
*          0    0000125c    00000004     
                  0000125c    00000004     app_ble_pem3.oem3 (.const:ti_sysbios_knl_Swi_Object__count__C)

.const:ti_sysbios_knl_Swi_Object__table__C 
*          0    00001260    00000004     
                  00001260    00000004     app_ble_pem3.oem3 (.const:ti_sysbios_knl_Swi_Object__table__C)

.const:ti_sysbios_knl_Swi_numPriorities__C 
*          0    00001264    00000004     
                  00001264    00000004     app_ble_pem3.oem3 (.const:ti_sysbios_knl_Swi_numPriorities__C)

.const:ti_sysbios_knl_Task_Object__count__C 
*          0    00001268    00000004     
                  00001268    00000004     app_ble_pem3.oem3 (.const:ti_sysbios_knl_Task_Object__count__C)

.const:ti_sysbios_knl_Task_Object__table__C 
*          0    0000126c    00000004     
                  0000126c    00000004     app_ble_pem3.oem3 (.const:ti_sysbios_knl_Task_Object__table__C)

.const:ti_sysbios_knl_Task_allBlockedFunc__C 
*          0    00001270    00000004     
                  00001270    00000004     app_ble_pem3.oem3 (.const:ti_sysbios_knl_Task_allBlockedFunc__C)

.const:ti_sysbios_knl_Task_defaultStackHeap__C 
*          0    00001274    00000004     
                  00001274    00000004     app_ble_pem3.oem3 (.const:ti_sysbios_knl_Task_defaultStackHeap__C)

.const:ti_sysbios_knl_Task_defaultStackSize__C 
*          0    00001278    00000004     
                  00001278    00000004     app_ble_pem3.oem3 (.const:ti_sysbios_knl_Task_defaultStackSize__C)

.const:ti_sysbios_knl_Task_numConstructedTasks__C 
*          0    0000127c    00000004     
                  0000127c    00000004     app_ble_pem3.oem3 (.const:ti_sysbios_knl_Task_numConstructedTasks__C)

.const:ti_sysbios_family_arm_cc26xx_Timer_Module__id__C 
*          0    00001280    00000002     
                  00001280    00000002     app_ble_pem3.oem3 (.const:ti_sysbios_family_arm_cc26xx_Timer_Module__id__C)

.const:ti_sysbios_family_arm_cc26xx_TimestampProvider_useClockTimer__C 
*          0    00001282    00000002     
                  00001282    00000002     app_ble_pem3.oem3 (.const:ti_sysbios_family_arm_cc26xx_TimestampProvider_useClockTimer__C)

.const:ti_sysbios_family_arm_m3_Hwi_Module__id__C 
*          0    00001284    00000002     
                  00001284    00000002     app_ble_pem3.oem3 (.const:ti_sysbios_family_arm_m3_Hwi_Module__id__C)

.const:ti_sysbios_gates_GateHwi_Module__id__C 
*          0    00001286    00000002     
                  00001286    00000002     app_ble_pem3.oem3 (.const:ti_sysbios_gates_GateHwi_Module__id__C)

.const:ti_sysbios_gates_GateMutex_Module__id__C 
*          0    00001288    00000002     
                  00001288    00000002     app_ble_pem3.oem3 (.const:ti_sysbios_gates_GateMutex_Module__id__C)

.const:ti_sysbios_heaps_HeapMem_Module__id__C 
*          0    0000128a    00000002     
                  0000128a    00000002     app_ble_pem3.oem3 (.const:ti_sysbios_heaps_HeapMem_Module__id__C)

.const:ti_sysbios_knl_Task_initStackFlag__C 
*          0    0000128c    00000002     
                  0000128c    00000002     app_ble_pem3.oem3 (.const:ti_sysbios_knl_Task_initStackFlag__C)

.const:ti_sysbios_knl_Clock_tickMode__C 
*          0    0000128e    00000001     
                  0000128e    00000001     app_ble_pem3.oem3 (.const:ti_sysbios_knl_Clock_tickMode__C)

.const:xdc_runtime_Startup_firstFxns__C 
*          0    00001290    00000008     
                  00001290    00000008     app_ble_pem3.oem3 (.const:xdc_runtime_Startup_firstFxns__C)

.const:xdc_runtime_Startup_lastFxns__C 
*          0    00001298    00000008     
                  00001298    00000008     app_ble_pem3.oem3 (.const:xdc_runtime_Startup_lastFxns__C)

.const:xdc_runtime_Assert_E_assertFailed__C 
*          0    000012a0    00000004     
                  000012a0    00000004     app_ble_pem3.oem3 (.const:xdc_runtime_Assert_E_assertFailed__C)

.const:xdc_runtime_Error_E_memory__C 
*          0    000012a4    00000004     
                  000012a4    00000004     app_ble_pem3.oem3 (.const:xdc_runtime_Error_E_memory__C)

.const:xdc_runtime_Error_policyFxn__C 
*          0    000012a8    00000004     
                  000012a8    00000004     app_ble_pem3.oem3 (.const:xdc_runtime_Error_policyFxn__C)

.const:xdc_runtime_Error_raiseHook__C 
*          0    000012ac    00000004     
                  000012ac    00000004     app_ble_pem3.oem3 (.const:xdc_runtime_Error_raiseHook__C)

.const:xdc_runtime_IGateProvider_Interface__BASE__C 
*          0    000012b0    00000004     
                  000012b0    00000004     app_ble_pem3.oem3 (.const:xdc_runtime_IGateProvider_Interface__BASE__C)

.const:xdc_runtime_IHeap_Interface__BASE__C 
*          0    000012b4    00000004     
                  000012b4    00000004     app_ble_pem3.oem3 (.const:xdc_runtime_IHeap_Interface__BASE__C)

.const:xdc_runtime_IModule_Interface__BASE__C 
*          0    000012b8    00000004     
                  000012b8    00000004     app_ble_pem3.oem3 (.const:xdc_runtime_IModule_Interface__BASE__C)

.const:xdc_runtime_Memory_defaultHeapInstance__C 
*          0    000012bc    00000004     
                  000012bc    00000004     app_ble_pem3.oem3 (.const:xdc_runtime_Memory_defaultHeapInstance__C)

.const:xdc_runtime_Startup_execImpl__C 
*          0    000012c0    00000004     
                  000012c0    00000004     app_ble_pem3.oem3 (.const:xdc_runtime_Startup_execImpl__C)

.const:xdc_runtime_Startup_maxPasses__C 
*          0    000012c4    00000004     
                  000012c4    00000004     app_ble_pem3.oem3 (.const:xdc_runtime_Startup_maxPasses__C)

.const:xdc_runtime_Startup_sfxnRts__C 
*          0    000012c8    00000004     
                  000012c8    00000004     app_ble_pem3.oem3 (.const:xdc_runtime_Startup_sfxnRts__C)

.const:xdc_runtime_Startup_sfxnTab__C 
*          0    000012cc    00000004     
                  000012cc    00000004     app_ble_pem3.oem3 (.const:xdc_runtime_Startup_sfxnTab__C)

.const:xdc_runtime_Startup_startModsFxn__C 
*          0    000012d0    00000004     
                  000012d0    00000004     app_ble_pem3.oem3 (.const:xdc_runtime_Startup_startModsFxn__C)

.const:xdc_runtime_SysCallback_abortFxn__C 
*          0    000012d4    00000004     
                  000012d4    00000004     app_ble_pem3.oem3 (.const:xdc_runtime_SysCallback_abortFxn__C)

.const:xdc_runtime_SysCallback_exitFxn__C 
*          0    000012d8    00000004     
                  000012d8    00000004     app_ble_pem3.oem3 (.const:xdc_runtime_SysCallback_exitFxn__C)

.const:xdc_runtime_System_abortFxn__C 
*          0    000012dc    00000004     
                  000012dc    00000004     app_ble_pem3.oem3 (.const:xdc_runtime_System_abortFxn__C)

.const:xdc_runtime_System_exitFxn__C 
*          0    000012e0    00000004     
                  000012e0    00000004     app_ble_pem3.oem3 (.const:xdc_runtime_System_exitFxn__C)

.const:xdc_runtime_System_maxAtexitHandlers__C 
*          0    000012e4    00000004     
                  000012e4    00000004     app_ble_pem3.oem3 (.const:xdc_runtime_System_maxAtexitHandlers__C)

.const:xdc_runtime_Text_charTab__C 
*          0    000012e8    00000004     
                  000012e8    00000004     app_ble_pem3.oem3 (.const:xdc_runtime_Text_charTab__C)

.const:xdc_runtime_Text_nameEmpty__C 
*          0    000012ec    00000004     
                  000012ec    00000004     app_ble_pem3.oem3 (.const:xdc_runtime_Text_nameEmpty__C)

.const:xdc_runtime_Text_nameStatic__C 
*          0    000012f0    00000004     
                  000012f0    00000004     app_ble_pem3.oem3 (.const:xdc_runtime_Text_nameStatic__C)

.const:xdc_runtime_Text_nameUnknown__C 
*          0    000012f4    00000004     
                  000012f4    00000004     app_ble_pem3.oem3 (.const:xdc_runtime_Text_nameUnknown__C)

.const:xdc_runtime_Error_maxDepth__C 
*          0    000012f8    00000002     
                  000012f8    00000002     app_ble_pem3.oem3 (.const:xdc_runtime_Error_maxDepth__C)

.const:xdc_runtime_Memory_Module__id__C 
*          0    000012fa    00000002     
                  000012fa    00000002     app_ble_pem3.oem3 (.const:xdc_runtime_Memory_Module__id__C)

.const:xdc_runtime_Text_charCnt__C 
*          0    000012fc    00000002     
                  000012fc    00000002     app_ble_pem3.oem3 (.const:xdc_runtime_Text_charCnt__C)

.const:xdc_runtime_Text_isLoaded__C 
*          0    000012fe    00000002     
                  000012fe    00000002     app_ble_pem3.oem3 (.const:xdc_runtime_Text_isLoaded__C)

.const:xdc_runtime_Error_policy__C 
*          0    00001300    00000001     
                  00001300    00000001     app_ble_pem3.oem3 (.const:xdc_runtime_Error_policy__C)

.const:ti_sysbios_rom_ROM_ti_sysbios_family_arm_cc26xx_Timer_getCount64__E 
*          0    00001304    00000004     
                  00001304    00000004     app_ble_pem3.oem3 (.const:ti_sysbios_rom_ROM_ti_sysbios_family_arm_cc26xx_Timer_getCount64__E)

.const:ti_sysbios_rom_ROM_ti_sysbios_family_arm_cc26xx_Timer_getCurrentTick__E 
*          0    00001308    00000004     
                  00001308    00000004     app_ble_pem3.oem3 (.const:ti_sysbios_rom_ROM_ti_sysbios_family_arm_cc26xx_Timer_getCurrentTick__E)

.const:ti_sysbios_rom_ROM_ti_sysbios_family_arm_cc26xx_Timer_getMaxTicks__E 
*          0    0000130c    00000004     
                  0000130c    00000004     app_ble_pem3.oem3 (.const:ti_sysbios_rom_ROM_ti_sysbios_family_arm_cc26xx_Timer_getMaxTicks__E)

.const:ti_sysbios_rom_ROM_ti_sysbios_family_arm_cc26xx_Timer_initDevice__I 
*          0    00001310    00000004     
                  00001310    00000004     app_ble_pem3.oem3 (.const:ti_sysbios_rom_ROM_ti_sysbios_family_arm_cc26xx_Timer_initDevice__I)

.const:ti_sysbios_rom_ROM_ti_sysbios_family_arm_cc26xx_Timer_setNextTick__E 
*          0    00001314    00000004     
                  00001314    00000004     app_ble_pem3.oem3 (.const:ti_sysbios_rom_ROM_ti_sysbios_family_arm_cc26xx_Timer_setNextTick__E)

.const:ti_sysbios_rom_ROM_ti_sysbios_family_arm_cc26xx_Timer_setThreshold__I 
*          0    00001318    00000004     
                  00001318    00000004     app_ble_pem3.oem3 (.const:ti_sysbios_rom_ROM_ti_sysbios_family_arm_cc26xx_Timer_setThreshold__I)

.const:ti_sysbios_rom_ROM_ti_sysbios_family_arm_cc26xx_Timer_start__E 
*          0    0000131c    00000004     
                  0000131c    00000004     app_ble_pem3.oem3 (.const:ti_sysbios_rom_ROM_ti_sysbios_family_arm_cc26xx_Timer_start__E)

.const:ti_sysbios_rom_ROM_ti_sysbios_family_arm_cc26xx_TimestampProvider_get32__E 
*          0    00001320    00000004     
                  00001320    00000004     app_ble_pem3.oem3 (.const:ti_sysbios_rom_ROM_ti_sysbios_family_arm_cc26xx_TimestampProvider_get32__E)

.const:ti_sysbios_rom_ROM_xdc_runtime_Startup_getState__I 
*          0    00001324    00000004     
                  00001324    00000004     app_ble_pem3.oem3 (.const:ti_sysbios_rom_ROM_xdc_runtime_Startup_getState__I)

.const:ti_sysbios_rom_ROM_xdc_runtime_System_SupportProxy_abort__E 
*          0    00001328    00000004     
                  00001328    00000004     app_ble_pem3.oem3 (.const:ti_sysbios_rom_ROM_xdc_runtime_System_SupportProxy_abort__E)

.const:ti_sysbios_rom_ROM_xdc_runtime_System_SupportProxy_exit__E 
*          0    0000132c    00000004     
                  0000132c    00000004     app_ble_pem3.oem3 (.const:ti_sysbios_rom_ROM_xdc_runtime_System_SupportProxy_exit__E)

.data:ti_sysbios_knl_Task_Module__state__V 
*          0    20000100    00000044     UNINITIALIZED
                  20000100    00000044     app_ble_pem3.oem3 (.data:ti_sysbios_knl_Task_Module__state__V)

.data:ti_sysbios_family_arm_m3_Hwi_Module__state__V 
*          0    20000144    00000034     UNINITIALIZED
                  20000144    00000034     app_ble_pem3.oem3 (.data:ti_sysbios_family_arm_m3_Hwi_Module__state__V)

.data:ti_sysbios_knl_Clock_Module__state__V 
*          0    20000178    0000002c     UNINITIALIZED
                  20000178    0000002c     app_ble_pem3.oem3 (.data:ti_sysbios_knl_Clock_Module__state__V)

.data:ti_sysbios_BIOS_Module__state__V 
*          0    200001a4    00000024     UNINITIALIZED
                  200001a4    00000024     app_ble_pem3.oem3 (.data:ti_sysbios_BIOS_Module__state__V)

.data:ti_sysbios_knl_Swi_Module__state__V 
*          0    200001c8    0000001c     UNINITIALIZED
                  200001c8    0000001c     app_ble_pem3.oem3 (.data:ti_sysbios_knl_Swi_Module__state__V)

.data:ti_sysbios_family_arm_cc26xx_Timer_Module__state__V 
*          0    200001e4    00000008     UNINITIALIZED
                  200001e4    00000008     app_ble_pem3.oem3 (.data:ti_sysbios_family_arm_cc26xx_Timer_Module__state__V)

.data:ti_sysbios_family_arm_cc26xx_TimestampProvider_Module__state__V 
*          0    200001ec    00000004     UNINITIALIZED
                  200001ec    00000004     app_ble_pem3.oem3 (.data:ti_sysbios_family_arm_cc26xx_TimestampProvider_Module__state__V)

.data:xdc_runtime_Startup_Module__state__V 
*          0    200001f0    00000008     UNINITIALIZED
                  200001f0    00000008     app_ble_pem3.oem3 (.data:xdc_runtime_Startup_Module__state__V)

.data:xdc_runtime_System_Module__state__V 
*          0    200001f8    00000008     UNINITIALIZED
                  200001f8    00000008     app_ble_pem3.oem3 (.data:xdc_runtime_System_Module__state__V)

.data:xdc_runtime_Memory_Module__state__V 
*          0    20000200    00000004     UNINITIALIZED
                  20000200    00000004     app_ble_pem3.oem3 (.data:xdc_runtime_Memory_Module__state__V)

.data:xdc_runtime_Error_Module__state__V 
*          0    20000204    00000002     UNINITIALIZED
                  20000204    00000002     app_ble_pem3.oem3 (.data:xdc_runtime_Error_Module__state__V)

.bootVecs 
*          0    00000000    00000008     DSECT
                  00000000    00000008     boot.aem3 : boot.oem3 (.bootVecs)

.resetVecs 
*          0    00000000    0000003c     
                  00000000    0000003c     app_ble_pem3.oem3 (.resetVecs)

.vecs      0    20000000    000000c8     NOLOAD SECTION
                  20000000    000000c8     app_ble_pem3.oem3 (.vecs)

xdc.meta   0    00000000    00000103     COPY SECTION
                  00000000    00000103     app_ble_pem3.oem3 (xdc.meta)

xdc.noload 
*          0    00000000    00000000     COPY SECTION

.cinit     0    00015bd0    00000514     
                  00015bd0    000003b0     (.cinit..data.load) [load image, compression = lzss]
                  00015f80    00000027     (.cinit..data:ti_sysbios_family_arm_m3_Hwi_Module__state__V.load) [load image, compression = lzss]
                  00015fa7    00000021     (.cinit..data:ti_sysbios_knl_Task_Module__state__V.load) [load image, compression = lzss]
                  00015fc8    0000001f     (.cinit..data:ti_sysbios_BIOS_Module__state__V.load) [load image, compression = lzss]
                  00015fe7    0000001e     (.cinit..data:ti_sysbios_knl_Clock_Module__state__V.load) [load image, compression = lzss]
                  00016005    00000010     (.cinit..data:ti_sysbios_knl_Swi_Module__state__V.load) [load image, compression = lzss]
                  00016015    00000003     --HOLE-- [fill = 0]
                  00016018    0000000c     (__TI_handler_table)
                  00016024    0000000b     (.cinit..data:ti_sysbios_family_arm_cc26xx_Timer_Module__state__V.load) [load image, compression = lzss]
                  0001602f    00000001     --HOLE-- [fill = 0]
                  00016030    00000008     (.cinit..TI.bound:dmaGpt0ControlTableEntry$5.load) [load image, compression = zero_init]
                  00016038    00000008     (.cinit..TI.bound:dmaProg0ControlTableEntry$5.load) [load image, compression = zero_init]
                  00016040    00000008     (.cinit..bss.load) [load image, compression = zero_init]
                  00016048    00000008     (.cinit..data:xdc_runtime_Memory_Module__state__V.load) [load image, compression = lzss]
                  00016050    00000007     (.cinit..data:ti_sysbios_family_arm_cc26xx_TimestampProvider_Module__state__V.load) [load image, compression = lzss]
                  00016057    00000007     (.cinit..data:xdc_runtime_Startup_Module__state__V.load) [load image, compression = lzss]
                  0001605e    00000007     (.cinit..data:xdc_runtime_System_Module__state__V.load) [load image, compression = lzss]
                  00016065    00000006     (.cinit..data:xdc_runtime_Error_Module__state__V.load) [load image, compression = lzss]
                  0001606b    00000001     --HOLE-- [fill = 0]
                  0001606c    00000078     (__TI_cinit_table)

.init_array 
*          0    00000000    00000000     UNINITIALIZED

.snvSectors 
*          0    0001e000    00001000     
                  0001e000    00001000     aoa_receiver_cc2640r2lp_stack_library.lib : osal_snv_wrapper.obj (.snvSectors:retain)

.ccfg      0    0001ffa8    00000058     
                  0001ffa8    00000058     ccfg_app_ble.obj (.ccfg:retain)

.TI.bound:dmaGpt0ControlTableEntry$5 
*          0    20000490    00000010     UNINITIALIZED
                  20000490    00000010     AOA.obj (.TI.bound:dmaGpt0ControlTableEntry$5)

.TI.bound:dmaProg0ControlTableEntry$5 
*          0    200004e0    00000010     UNINITIALIZED
                  200004e0    00000010     AOA.obj (.TI.bound:dmaProg0ControlTableEntry$5)

.data      0    200004f0    00001725     UNINITIALIZED
                  200004f0    000006e0     aoa_receiver.obj (.data:$O1$$)
                  20000bd0    00000240     central.obj (.data:$O12$$)
                  20000e10    00000208     AOA.obj (.data:$O4$$)
                  20001018    00000174     aoa_receiver_cc2640r2lp_stack_library.lib : gapbondmgr.obj (.data:$O20$$)
                  2000118c    00000114     drivers_cc26x0r2.aem3 : PINCC26XX.oem3 (.data:$O1$$)
                  200012a0    00000114                           : PowerCC26XX.oem3 (.data:PowerCC26XX_module)
                  200013b4    0000009c     icall.obj (.data:$O8$$)
                  20001450    0000008c     ant_array1_config_boostxl_rev1v1.obj (.data:antennaPattern_A1)
                  200014dc    0000008c     ant_array2_config_boostxl_rev1v1.obj (.data:antennaPattern_A2)
                  20001568    0000007c     aoa_receiver_cc2640r2lp_stack_library.lib : osal_cbtimer.obj (.data:$O16$$)
                  200015e4    00000070     cc26xx_profiles_xcxx.a : gapgattserver.o (.data)
                  20001654    00000054     cc26xx_gap_xcxx.a : gap_configmgr.o (.data)
                  200016a8    0000004c     app_ble_pem3.oem3 (.data:ti_sysbios_knl_Task_Object__table__V)
                  200016f4    00000048     board_key.obj (.data:$O3$$)
                  2000173c    00000004     aoa_receiver_cc2640r2lp_stack_library.lib : osal_pwrmgr.obj (.data:$O17$$)
                  20001740    00000048     app_ble_pem3.oem3 (.data:ti_sysbios_family_arm_cc26xx_Timer_Object__table__V)
                  20001788    00000038     app_ble_pem3.oem3 (.data:ti_sysbios_gates_GateMutex_Object__table__V)
                  200017c0    00000034     cc2640_ctrlll_xcxx_mm.a : ll_config.o (.data)
                  200017f4    00000030     ant_array1_config_boostxl_rev1v1.obj (.data:pair_A1)
                  20001824    00000030     ant_array2_config_boostxl_rev1v1.obj (.data:pair_A2)
                  20001854    00000030     app_ble_pem3.oem3 (.data:ti_sysbios_knl_Swi_Module_State_0_readyQ__A)
                  20001884    00000030     app_ble_pem3.oem3 (.data:ti_sysbios_knl_Swi_Object__table__V)
                  200018b4    00000030     app_ble_pem3.oem3 (.data:ti_sysbios_knl_Task_Module_State_0_readyQ__A)
                  200018e4    0000002c     aoa_receiver_cc2640r2lp_stack_library.lib : osal.obj (.data:$O15$$)
                  20001910    0000002c     ble_user_config.obj (.data:rfRegTbl)
                  2000193c    00000028     ECCROMCC26XX.obj (.data:$O6$$)
                  20001964    00000020     drivers_cc26x0r2.aem3 : CryptoCC26XX.oem3 (.data:$O1$$)
                  20001984    00000020     AOA.obj (.data:RF_bleAdvPar)
                  200019a4    00000020     app_ble_pem3.oem3 (.data:ti_sysbios_knl_Clock_Object__table__V)
                  200019c4    00000020     app_ble_pem3.oem3 (.data:xdc_runtime_Error_IgnoreBlock)
                  200019e4    0000001c     cc26xx_profiles_xcxx.a : gapgattserver.o (.data)
                  20001a00    00000018     AOA.obj (.data:RF_cmdSchImm1)
                  20001a18    00000018     AOA.obj (.data:RF_cmdSchImm2)
                  20001a30    00000018     AOA.obj (.data:RF_cmdSchImm3)
                  20001a48    00000018     AOA.obj (.data:RF_cmdSchImmTx)
                  20001a60    00000018     app_ble_pem3.oem3 (.data:ti_sysbios_family_arm_m3_Hwi_Object__table__V)
                  20001a78    00000010     ant_array1_config_boostxl_rev1v1.obj (.data:BOOSTXL_AoA_Config_ArrayA1)
                  20001a88    00000010     ant_array2_config_boostxl_rev1v1.obj (.data:BOOSTXL_AoA_Config_ArrayA2)
                  20001a98    00000010     icall_user_config.obj (.data:bleAppServiceInfoTable)
                  20001aa8    00000010     cc26xx_gap_xcxx.a : gap_centdevmgr.o (.data)
                  20001ab8    00000010     cc26xx_profiles_xcxx.a : gattservapp.o (.data)
                  20001ac8    00000010     cc26xx_sm_xcxx.a : sm_intpairing.o (.data)
                  20001ad8    00000010     icall_api_lite.obj (.data)
                  20001ae8    00000010     ble_user_config.obj (.data:rfModeOverride)
                  20001af8    00000010     main.obj (.data:user0Cfg)
                  20001b08    0000000c     AOA.obj (.data)
                  20001b14    0000000c     ant_array1_config_boostxl_rev1v1.obj (.data:BOOSTXL_AoA_Result_ArrayA1)
                  20001b20    0000000c     ant_array2_config_boostxl_rev1v1.obj (.data:BOOSTXL_AoA_Result_ArrayA2)
                  20001b2c    0000000c     cc2640_ctrlll_xcxx_mm.a : ll_data.o (.data)
                  20001b38    0000000c     app_ble_pem3.oem3 (.data:ti_sysbios_heaps_HeapCallback_Object__table__V)
                  20001b44    00000008     icall_cc2650.obj (.data:$O10$$)
                  20001b4c    00000008     aoa_receiver_cc2640r2lp_stack_library.lib : hal_assert.obj (.data:$O14$$)
                  20001b54    00000008                                               : osal_clock.obj (.data:$O22$$)
                  20001b5c    00000008     rtsv7M3_T_le_eabi.lib : _lock.c.obj (.data:$O23$$)
                  20001b64    00000008     AOA.obj (.data:RF_cmdWriteFwParTx)
                  20001b6c    00000008     cc26xx_gap_xcxx.a : gap_centlinkmgr.o (.data)
                  20001b74    00000008     app_ble_pem3.oem3 (.data:ti_sysbios_family_arm_m3_Hwi_Module__root__V)
                  20001b7c    00000008     app_ble_pem3.oem3 (.data:ti_sysbios_gates_GateHwi_Module__root__V)
                  20001b84    00000008     app_ble_pem3.oem3 (.data:ti_sysbios_gates_GateMutex_Module__root__V)
                  20001b8c    00000008     app_ble_pem3.oem3 (.data:ti_sysbios_hal_Hwi_Module__root__V)
                  20001b94    00000008     app_ble_pem3.oem3 (.data:ti_sysbios_heaps_HeapCallback_Module__root__V)
                  20001b9c    00000008     app_ble_pem3.oem3 (.data:ti_sysbios_heaps_HeapMem_Module__root__V)
                  20001ba4    00000008     app_ble_pem3.oem3 (.data:ti_sysbios_knl_Clock_Module__root__V)
                  20001bac    00000008     app_ble_pem3.oem3 (.data:ti_sysbios_knl_Event_Module__root__V)
                  20001bb4    00000008     app_ble_pem3.oem3 (.data:ti_sysbios_knl_Mailbox_Module__root__V)
                  20001bbc    00000008     app_ble_pem3.oem3 (.data:ti_sysbios_knl_Queue_Module__root__V)
                  20001bc4    00000008     app_ble_pem3.oem3 (.data:ti_sysbios_knl_Semaphore_Module__root__V)
                  20001bcc    00000008     app_ble_pem3.oem3 (.data:ti_sysbios_knl_Swi_Module__root__V)
                  20001bd4    00000008     app_ble_pem3.oem3 (.data:ti_sysbios_knl_Task_Module__root__V)
                  20001bdc    00000008     app_ble_pem3.oem3 (.data:xdc_runtime_Registry_Module__state__V)
                  20001be4    00000004     aoa_receiver_cc2640r2lp_stack_library.lib : osal_snv_wrapper.obj (.data:$O18$$)
                  20001be8    00000004     AOA.obj (.data:RF_cmdSetRatCpt)
                  20001bec    00000004     AOA.obj (.data:RF_cmdSetRatOutput)
                  20001bf0    00000004     aoa_receiver_cc2640r2lp_stack_library.lib : ble_user_config.obj (.data)
                  20001bf4    00000004                                               : osal_bufmgr.obj (.data)
                  20001bf8    00000004     ble_user_config.obj (.data)
                  20001bfc    00000004     rtsv7M3_T_le_eabi.lib : stkdepth_vars.c.obj (.data)
                  20001c00    00000004     app_ble_pem3.oem3 (.data:ti_sysbios_family_arm_m3_Hwi_Module_State_0_excContext__A)
                  20001c04    00000004     app_ble_pem3.oem3 (.data:ti_sysbios_family_arm_m3_Hwi_Module_State_0_excStack__A)
                  20001c08    00000004     app_ble_pem3.oem3 (.data:ti_sysbios_knl_Task_Module_State_0_idleTask__A)
                  20001c0c    00000002     app_ble_pem3.oem3 (.data:ti_sysbios_family_arm_m3_Hwi_Module_State_0_excActive__A)
                  20001c0e    00000001     TRNGCC26XX.obj (.data)
                  20001c0f    00000001     aoa_receiver.obj (.data)
                  20001c10    00000001     cc26xx_gatt_xcxx.a : gatt_client.o (.data)
                  20001c11    00000001     cc26xx_profiles_xcxx.a : gapgattserver.o (.data)
                  20001c12    00000001                            : gapgattserver.o (.data)
                  20001c13    00000001                            : gapgattserver.o (.data)
                  20001c14    00000001     drivers_cc26x0r2.aem3 : UART.oem3 (.data)

.bss       0    20001c18    00000b86     UNINITIALIZED
                  20001c18    00000200     app_ble_pem3.oem3 (.bss:taskStackSection)
                  20001e18    000001c0     rf_multiMode_cc26x0r2.arm3 : RFCC26XX_multiMode.orm3 (.bss)
                  20001fd8    00000128     (.common:uartCC26XXObjects)
                  20002100    00000120     (.common:gptimerCC26XXObjects)
                  20002220    0000011c                                : RFCC26XX_multiMode.orm3 (.bss)
                  2000233c    00000004     cc2640_ctrlll_xcxx_mm.a : ll.o (.bss)
                  20002340    000000c8                             : ll.o (.bss)
                  20002408    000000c8     (.common:ti_sysbios_family_arm_m3_Hwi_dispatchTable)
                  200024d0    000000a0     rf_multiMode_cc26x0r2.arm3 : RFCC26XX_multiMode.orm3 (.bss)
                  20002570    00000080     board.obj (.bss:uartStringBuf$15)
                  200025f0    00000080     (.common:cryptoCC26XXObjects)
                  20002670    00000028     cc2640_ctrlll_xcxx_mm.a : ll_scan_end_causes.o (.bss)
                  20002698    00000020     (.common:uartCC26XXRingBuffer)
                  200026b8    00000020     (.common:udmaObjects)
                  200026d8    00000014     driverlib.lib : osc.obj (.bss:oscHfGlobals$63)
                  200026ec    00000014     rf_multiMode_cc26x0r2.arm3 : RFCC26XX_multiMode.orm3 (.bss)
                  20002700    00000010     util.obj (.bss:str$1$4)
                  20002710    0000000c     aoa_receiver_cc2640r2lp_stack_library.lib : osal_timers.obj (.bss:$O19$$)
                  2000271c    0000000c     cc2640_ctrlll_xcxx_mm.a : ll_scheduler.o (.bss)
                  20002728    0000000c     (.common:displayUartObject)
                  20002734    0000000c     (.common:signalAmplitude_A1)
                  20002740    0000000c     (.common:signalAmplitude_A2)
                  2000274c    00000008     dpl_cc26x0r2.aem3 : PowerCC26XX_tirtos.oem3 (.bss:$O1$$)
                  20002754    00000008     cc2640_ctrlll_xcxx_mm.a : ll_common.o (.bss)
                  2000275c    00000008     driverlib.lib : sys_ctrl.obj (.bss:powerQualGlobals$66)
                  20002764    00000008     (.common:pairAngle_A1)
                  2000276c    00000008     (.common:pairAngle_A2)
                  20002774    00000004     cc26xx_att_xcxx.a : att_client.o (.bss)
                  20002778    00000004     cc26xx_gap_xcxx.a : gap_linkmgr.o (.bss)
                  2000277c    00000004     cc26xx_gatt_xcxx.a : gatt_client.o (.bss)
                  20002780    00000004     cc26xx_profiles_xcxx.a : gapgattserver.o (.bss)
                  20002784    00000004     (.common:ClockP_tickPeriod)
                  20002788    00000004     (.common:readEntry)
                  2000278c    00000004     (.common:tasksEvents)
                  20002790    00000004     (.common:trngCC26XXObjects)
                  20002794    00000002     drivers_cc26x0r2.aem3 : UARTCC26XX.oem3 (.bss)
                  20002796    00000001     cc2640_hci_tl_none.a : hci_tl.o (.bss)
                  20002797    00000001                          : hci_tl.o (.bss)
                  20002798    00000001                          : hci_tl.o (.bss)
                  20002799    00000001                          : hci_tl.o (.bss)
                  2000279a    00000001                          : hci_tl.o (.bss)
                  2000279b    00000001     drivers_cc26x0r2.aem3 : CryptoCC26XX.oem3 (.bss)
                  2000279c    00000001     (.common:driverlib_release_0_52354)
                  2000279d    00000001     (.common:icall_liteTaskId)

.vtable    0    2000279e    00000000     UNINITIALIZED

.vtable_ram 
*          0    2000279e    00000000     UNINITIALIZED

vtable_ram 
*          0    2000279e    00000000     UNINITIALIZED

.sysmem    0    2000279e    00000000     UNINITIALIZED

.nonretenvar 
*          0    2000279e    00000000     UNINITIALIZED

.stack     0    20004000    00000400     UNINITIALIZED
                  20004000    00000400     --HOLE--

.text.1    0    0000003c    00000fc4     
                  0000003c    00000b70     aoa_receiver.obj (.text:AoAReceiver_taskFxn$2)
                  00000bac    00000008     (.tramp.ti_sysbios_knl_Queue_construct.1)
                  00000bb4    00000008     (.tramp.ti_sysbios_knl_Event_pend__E.1)
                  00000bbc    00000008     (.tramp.ti_sysbios_knl_Queue_get__E.1)
                  00000bc4    00000008     (.tramp.ti_sysbios_knl_Queue_empty__E.1)
                  00000bcc    00000398     cc2640_ctrlll_xcxx_mm.a : ll_scheduler.o (.text)
                  00000f64    00000008     ble_r2.symbols (.tramp.llProcessPostRfOps.1)
                  00000f6c    00000008     ble_r2.symbols (.tramp.llGetCurrentTime.1)
                  00000f74    00000008     ble_r2.symbols (.tramp.llSetupConn.1)
                  00000f7c    00000008     ble_r2.symbols (.tramp.llTimeCompare.1)
                  00000f84    0000007c     cc2640_ctrlhci_xcxx.a : hci_event.o (.text)

.text.2    0    00001330    00012998     
                  00001330    000022fc     rf_multiMode_cc26x0r2.arm3 : RFCC26XX_multiMode.orm3 (.text)
                  0000362c    000005d4     cc2640_ctrlll_xcxx_mm.a : ll.o (.text)
                  00003c00    00000550     aoa_receiver.obj (.text:AoAReceiver_handleKeys$2)
                  00004150    00000548     cc2640_ctrlll_xcxx_mm.a : ble.o (.text)
                  00004698    00000518     aoa_receiver.obj (.text:AoAReceiver_processStackMsg$2)
                  00004bb0    00000498     cc2640_ctrlll_xcxx_mm.a : ll_master_end_causes.o (.text)
                  00005048    00000340     aoa_receiver_cc2640r2lp_stack_library.lib : gapbondmgr.obj (.text:GAPBondMgr_ProcessEvent)
                  00005388    00000340     cc2640_ctrlll_xcxx_mm.a : ll_init_end_causes.o (.text)
                  000056c8    00000314     drivers_cc26x0r2.aem3 : PowerCC26XX_calibrateRCOSC.oem3 (.text:PowerCC26XX_auxISR)
                  000059dc    0000030c     rom_sysbios.aem3 : rom_sysbios.obj (.text:xdc_runtime_System_doPrint__I)
                  00005ce8    000002f8     cc2640_ctrlll_xcxx_mm.a : ll_isr.o (.text)
                  00005fe0    000002c8     aoa_receiver_cc2640r2lp_stack_library.lib : icall_startup.obj (.text:startup_entry)
                  000062a8    00000294     cc2640_ctrlll_xcxx_mm.a : ll_isr.o (.text)
                  0000653c    0000027c     aoa_receiver.obj (.text:AoAReceiver_aoaStart$2)
                  000067b8    0000025c     aoa_receiver_cc2640r2lp_stack_library.lib : gapbondmgr.obj (.text:GAPBondMgr_SetParameter)
                  00006a14    00000258     drivers_cc26x0r2.aem3 : CryptoCC26XX.oem3 (.text:cryptoTransactionExecute)
                  00006c6c    00000254     cc2640_ctrlll_xcxx_mm.a : ll.o (.text)
                  00006ec0    00000248     cc26xx_profiles_xcxx.a : gapgattserver.o (.text)
                  00007108    0000022c     drivers_cc26x0r2.aem3 : PowerCC26XX.oem3 (.text:Power_sleep)
                  00007334    00000220     driverlib.lib : sys_ctrl.obj (.text:NOROM_SysCtrlSetRechargeBeforePowerDown)
                  00007554    0000020c     cc2640_ctrlll_xcxx_mm.a : ll_common.o (.text)
                  00007760    00000204     cc26xx_profiles_xcxx.a : gattservapp.o (.text)
                  00007964    00000204     cc26xx_sm_xcxx.a : sm_pairing.o (.text)
                  00007b68    000001f8     cc2640_ctrlll_xcxx_mm.a : ll_master_end_causes.o (.text)
                  00007d60    000001f0                             : ll.o (.text)
                  00007f50    000001e0     ECCROMCC26XX.obj (.text:ECC_VerifyPublicKeyWeierstrass$7)
                  00008130    000001d0     aoa_receiver_cc2640r2lp_stack_library.lib : gapbondmgr.obj (.text:gapBondMgrAddBond$32)
                  00008300    000001c8     cc26xx_sm_xcxx.a : sm_intpairing.o (.text)
                  000084c8    000001bc     aoa_receiver_cc2640r2lp_stack_library.lib : osal.obj (.text:osal_start_system)
                  00008684    000001b8     drivers_cc26x0r2.aem3 : PINCC26XX.oem3 (.text:PIN_init)
                  0000883c    000001a4     ECCROMCC26XX.obj (.text:ECCROMCC26XX_genDHKey)
                  000089e0    00000190     drivers_cc26x0r2.aem3 : PowerCC26XX_calibrateRCOSC.oem3 (.text:PowerCC26XX_doCalibrate)
                  00008b70    00000190     aoa_receiver_cc2640r2lp_stack_library.lib : gapbondmgr.obj (.text:gapBondMgrAuthenticate$32)
                  00008d00    00000190     icall.obj (.text:icall_directAPI)
                  00008e90    00000178     cc2640_ctrlll_xcxx_mm.a : ll_isr.o (.text)
                  00009008    00000174     cc26xx_gatt_xcxx.a : gatt_client.o (.text)
                  0000917c    00000160                        : gatt_client.o (.text)
                  000092dc    00000154     drivers_cc26x0r2.aem3 : UARTCC26XX.oem3 (.text:UARTCC26XX_open)
                  00009430    00000150     cc26xx_sm_xcxx.a : sm_intpairing.o (.text)
                  00009580    00000148     drivers_cc26x0r2.aem3 : UARTCC26XX.oem3 (.text:UARTCC26XX_hwiIntFxn)
                  000096c8    00000140     main.obj (.text:AssertHandler)
                  00009808    00000140     cc2640_ctrlll_xcxx_mm.a : ll_master_end_causes.o (.text)
                  00009948    0000013c                             : ll.o (.text)
                  00009a84    00000134     drivers_cc26x0r2.aem3 : UARTCC26XX.oem3 (.text:UARTCC26XX_read)
                  00009bb8    00000130     cc2640_ctrlll_xcxx_mm.a : ll.o (.text)
                  00009ce8    0000012c     drivers_cc26x0r2.aem3 : PowerCC26XX.oem3 (.text:Power_init)
                  00009e14    00000128     ECCROMCC26XX.obj (.text:ECCROMCC26XX_genKeys)
                  00009f3c    00000128     cc2640_ctrlll_xcxx_mm.a : ll_scheduler.o (.text)
                  0000a064    00000124     aoa_receiver_cc2640r2lp_stack_library.lib : gapbondmgr.obj (.text:gapBondMgrEraseBonding$32)
                  0000a188    0000011c                                               : osal_snv_wrapper.obj (.text:compactPage$29)
                  0000a2a4    00000112     cc26xx_gatt_xcxx.a : gatt_server.o (.text)
                  0000a3b6    00000106     AOA.obj (.text:AngleComplexProductComp)
                  0000a4bc    00000104     drivers_cc26x0r2.aem3 : UARTCC26XX.oem3 (.text:UARTCC26XX_write)
                  0000a5c0    00000100     aoa_receiver.obj (.text:AoAReceiver_processGATTDiscEvent$2)
                  0000a6c0    00000100     cc2640_ctrlll_xcxx_mm.a : ll_scan_end_causes.o (.text)
                  0000a7c0    00000100     cc26xx_gap_xcxx.a : gap_centdevmgr.o (.text)
                  0000a8c0    000000fc                       : gap_centlinkmgr.o (.text)
                  0000a9bc    000000f8     aoa_receiver_cc2640r2lp_stack_library.lib : gapbondmgr.obj (.text:GAPBondMgr_LinkEst)
                  0000aab4    000000f8                                               : osal_snv_wrapper.obj (.text:osal_snv_write)
                  0000abac    000000f8     app_ble_pem3.oem3 (.text:xdc_runtime_System_printfExtend__I)
                  0000aca4    000000f4     cc26xx_gap_xcxx.a : gap_linkmgr.o (.text)
                  0000ad98    000000f0     central.obj (.text:gapCentralRole_ProcessGAPMsg$14)
                  0000ae88    000000e8     dpl_cc26x0r2.aem3 : PowerCC26XX_tirtos.oem3 (.text:PowerCC26XX_standbyPolicy)
                  0000af70    000000e8     aoa_receiver_cc2640r2lp_stack_library.lib : osal_timers.obj (.text:osalTimerUpdate)
                  0000b058    000000e4     cc26xx_gatt_xcxx.a : gatt_client.o (.text)
                  0000b13c    000000e4     cc26xx_sm_xcxx.a : sm_intpairing.o (.text)
                  0000b220    000000e4                      : sm_pairing.o (.text)
                  0000b304    000000dc     drivers_cc26x0r2.aem3 : PINCC26XX.oem3 (.text:PINCC26XX_setIoCfg)
                  0000b3e0    000000d4                           : CryptoCC26XX.oem3 (.text:CryptoCC26XX_open)
                  0000b4b4    000000d4     cc26xx_gap_xcxx.a : gap_centdevmgr.o (.text)
                  0000b588    000000d4     central.obj (.text:gapCentralRole_taskFxn$14)
                  0000b65c    000000d0     main.obj (.text:main)
                  0000b72c    000000cc     cc2640_ctrlll_xcxx_mm.a : ll.o (.text)
                  0000b7f8    000000cc                             : ll_scan_end_causes.o (.text)
                  0000b8c4    000000cc                             : ll_scheduler.o (.text)
                  0000b990    000000c8                             : ll_enc.o (.text)
                  0000ba58    000000c4                             : ll.o (.text)
                  0000bb1c    000000c4     cc26xx_sm_xcxx.a : sm_pairing.o (.text)
                  0000bbe0    000000c4                      : sm_pairing.o (.text)
                  0000bca4    000000c0     aoa_receiver_cc2640r2lp_stack_library.lib : osal.obj (.text:osal_set_event)
                  0000bd64    000000bc     drivers_cc26x0r2.aem3 : GPTimerCC26XX.oem3 (.text:GPTimerCC26XX_open)
                  0000be20    000000bc                           : PowerCC26XX.oem3 (.text:Power_releaseDependency)
                  0000bedc    000000b8     driverlib.lib : setup.obj (.text:NOROM_SetupTrimDevice)
                  0000bf94    000000b4     drivers_cc26x0r2.aem3 : PowerCC26XX.oem3 (.text:Power_setDependency)
                  0000c048    000000b4     cc2640_ctrlll_xcxx_mm.a : ll.o (.text)
                  0000c0fc    000000b0     TRNGCC26XX.obj (.text:TRNGCC26XX_getNumber)
                  0000c1ac    000000ac     display.aem3 : DisplayUart.oem3 (.text:DisplayUartAnsi_clearLines)
                  0000c258    000000a7                  : DisplayUart.oem3 (.text:DisplayUartAnsi_open)
                  0000c2ff    00000001     --HOLE-- [fill = 0]
                  0000c300    000000a6     rom_sysbios.aem3 : rom_sysbios.obj (.text:xdc_runtime_Text_putSite__E)
                  0000c3a6    00000002     ble_user_config.obj (.text:DefaultAssertCback)
                  0000c3a8    000000a4     aoa_receiver.obj (.text:AoAReceiver_AoACompleteCallback$2)
                  0000c44c    000000a4     aoa_receiver_cc2640r2lp_stack_library.lib : gapbondmgr.obj (.text:GAPBondMgr_ResolveAddr)
                  0000c4f0    000000a4     cc2640_ctrlll_xcxx_mm.a : ll.o (.text)
                  0000c594    000000a4                             : ll_common.o (.text)
                  0000c638    000000a4     cc26xx_gatt_xcxx.a : gatt_client.o (.text)
                  0000c6dc    000000a4     cc26xx_sm_xcxx.a : sm_intpairing.o (.text)
                  0000c780    000000a4     aoa_receiver_cc2640r2lp_stack_library.lib : osal.obj (.text:osal_msg_enqueue_push$24)
                  0000c824    000000a4     drivers_cc26x0r2.aem3 : PowerCC26XX.oem3 (.text:switchXOSCHFclockFunc)
                  0000c8c8    000000a0     auto_init.aem3 : auto_init.oem3 (.text)
                  0000c968    0000009f     display.aem3 : DisplayUart.oem3 (.text:DisplayUartAnsi_vprintf)
                  0000ca07    00000001     --HOLE-- [fill = 0]
                  0000ca08    0000009e     aoa_receiver_cc2640r2lp_stack_library.lib : gapbondmgr.obj (.text:gapBondMgrUpdateCharCfg$32)
                  0000caa6    00000002     display.aem3 : DisplayUart.oem3 (.text:DisplayUartAnsi_init)
                  0000caa8    0000009c     drivers_cc26x0r2.aem3 : UARTCC26XX.oem3 (.text:UARTCC26XX_writeCancel)
                  0000cb44    0000009c     aoa_receiver_cc2640r2lp_stack_library.lib : osal_cbtimer.obj (.text:cbTimerSetup$26)
                  0000cbe0    0000009c     cc2640_ctrlll_xcxx_mm.a : ll_scheduler.o (.text)
                  0000cc7c    0000009c     aoa_receiver_cc2640r2lp_stack_library.lib : osal_cbtimer.obj (.text:osal_CbTimerProcessEvent)
                  0000cd18    0000009c     rtsv7M3_T_le_eabi.lib : memcpy_t2.asm.obj (.text)
                  0000cdb4    00000098     AOA.obj (.text:AoA_callback$5)
                  0000ce4c    00000098     drivers_cc26x0r2.aem3 : PINCC26XX.oem3 (.text:PIN_open)
                  0000cee4    00000098                           : UARTCC26XX.oem3 (.text:UARTCC26XX_initHw)
                  0000cf7c    00000098                           : UARTCC26XX.oem3 (.text:UARTCC26XX_initIO)
                  0000d014    00000098                           : UARTCC26XX.oem3 (.text:UARTCC26XX_swiIntFxn)
                  0000d0ac    00000098     cc2640_ctrlll_xcxx_mm.a : ll_common.o (.text)
                  0000d144    00000098                             : ll_common.o (.text)
                  0000d1dc    00000098     rom_sysbios.aem3 : rom_sysbios.obj (.text:ti_sysbios_knl_Clock_workFuncDynamic__E)
                  0000d274    00000098                      : rom_sysbios.obj (.text:xdc_runtime_Text_putMod__E)
                  0000d30c    00000096     rtsv7M3_T_le_eabi.lib : ull_div_t2.asm.obj (.text)
                  0000d3a2    00000002     driverlib.lib : rfc.obj (.text:NOROM_RFCAdi3VcoLdoVoltageMode)
                  0000d3a4    00000094     icall.obj (.text:ICall_setTimer)
                  0000d438    00000094     driverlib.lib : crypto.obj (.text:NOROM_CRYPTOAesLoadKey)
                  0000d4cc    00000094     cc26xx_gap_xcxx.a : gap_centdevmgr.o (.text)
                  0000d560    00000094     aoa_receiver_cc2640r2lp_stack_library.lib : osal.obj (.text:osal_msg_receive)
                  0000d5f4    00000094                                               : osal_timers.obj (.text:osal_timer_refTimeUpdate)
                  0000d688    00000090     driverlib.lib : setup.obj (.text:TrimAfterColdResetWakeupFromShutDown$18)
                  0000d718    00000090     cc2640_ctrlll_xcxx_mm.a : ll_enc.o (.text)
                  0000d7a8    00000090                             : ll_init_end_causes.o (.text)
                  0000d838    00000090                             : ll_scan_end_causes.o (.text)
                  0000d8c8    00000090     cc26xx_gatt_xcxx.a : gatt_client.o (.text)
                  0000d958    00000090     cc26xx_sm_xcxx.a : sm_intpairing.o (.text)
                  0000d9e8    00000090     rom_sysbios.aem3 : rom_sysbios.obj (.text:ti_sysbios_family_arm_cc26xx_Timer_start__E)
                  0000da78    0000008c     aoa_receiver_cc2640r2lp_stack_library.lib : gapbondmgr.obj (.text:GAPBondMgr_SlaveReqSecurity)
                  0000db04    0000008c     icall.obj (.text:ICall_heapMalloc)
                  0000db90    0000008c     cc26xx_gatt_xcxx.a : gatt_client.o (.text)
                  0000dc1c    0000008a     drivers_cc26x0r2.aem3 : CryptoCC26XX.oem3 (.text:CryptoCC26XX_allocateKey)
                  0000dca6    00000002     aoa_receiver_cc2640r2lp_stack_library.lib : onboard.obj (.text:Onboard_soft_reset)
                  0000dca8    00000088     aoa_receiver.obj (.text:AoAReceiver_displayEstimatedAngle$2)
                  0000dd30    00000086     cc2640_ctrlll_xcxx_mm.a : ll_common.o (.text)
                  0000ddb6    00000002     aoa_receiver_cc2640r2lp_stack_library.lib : sm_ecc.obj (.text:SM_dhKeyCB)
                  0000ddb8    00000084     drivers_cc26x0r2.aem3 : UARTCC26XX.oem3 (.text:UARTCC26XX_close)
                  0000de3c    0000007c     cc2640_ctrlll_xcxx_mm.a : ll_scheduler.o (.text)
                  0000deb8    0000007c     cc26xx_gap_xcxx.a : gap_centdevmgr.o (.text)
                  0000df34    0000007c     cc26xx_gatt_xcxx.a : gatt_client.o (.text)
                  0000dfb0    0000007c                        : gatt_client.o (.text)
                  0000e02c    0000007c     aoa_receiver_cc2640r2lp_stack_library.lib : osal.obj (.text:osal_event_send$24)
                  0000e0a8    0000007a     rtsv7M3_T_le_eabi.lib : fs_mul_t2.asm.obj (.text)
                  0000e122    0000007a                           : memset_t2.asm.obj (.text)
                  0000e19c    00000078     aoa_receiver_cc2640r2lp_stack_library.lib : gapbondmgr.obj (.text:GAPBondMgr_syncResolvingList)
                  0000e214    00000078     driverlib.lib : rfc.obj (.text:NOROM_RFCOverrideUpdate)
                  0000e28c    00000078     cc26xx_profiles_xcxx.a : gattservapp.o (.text)
                  0000e304    00000078     drivers_cc26x0r2.aem3 : UARTCC26XX.oem3 (.text:writeTxFifoFlush)
                  0000e37c    00000074     cc26xx_sm_xcxx.a : sm_pairing.o (.text)
                  0000e3f0    00000072     cc2640_ctrlll_xcxx_mm.a : ll_common.o (.text)
                  0000e462    00000002     aoa_receiver_cc2640r2lp_stack_library.lib : sm_ecc.obj (.text:SM_p256KeyCB)
                  0000e464    00000070     aoa_receiver.obj (.text:AoAReceiver_aoaEnableSender$2)
                  0000e4d4    00000070     icall.obj (.text:ICall_heapGetStats)
                  0000e544    00000070     icall.obj (.text:ICall_heapInit)
                  0000e5b4    00000070     driverlib.lib : sys_ctrl.obj (.text:NOROM_SysCtrlAdjustRechargeAfterPowerDown)
                  0000e624    00000070     aoa_receiver_cc2640r2lp_stack_library.lib : ble_dispatch_lite.obj (.text:ble_dispatch_liteProcess)
                  0000e694    00000070     cc2640_hci_tl_none.a : hci_tl.o (.text)
                  0000e704    00000070     cc26xx_profiles_xcxx.a : gapgattserver.o (.text)
                  0000e774    00000070     cc26xx_sm_xcxx.a : sm_intpairing.o (.text)
                  0000e7e4    00000070     drivers_cc26x0r2.aem3 : PowerCC26XX.oem3 (.text:lfClockReadyCallback)
                  0000e854    00000070     aoa_receiver_cc2640r2lp_stack_library.lib : osal_snv_wrapper.obj (.text:writeWord$29)
                  0000e8c4    0000006e     cc2640_ctrlhci_xcxx.a : hci.o (.text)
                  0000e932    0000006e     cc26xx_gatt_xcxx.a : gatt_client.o (.text)
                  0000e9a0    0000006e                        : gatt_client.o (.text)
                  0000ea0e    00000002     rtsv7M3_T_le_eabi.lib : _lock.c.obj (.text:_nop)
                  0000ea10    0000006d     rom_sysbios.aem3 : rom_sysbios.obj (.text:xdc_runtime_System_formatNum__I)
                  0000ea7d    00000001     --HOLE-- [fill = 0]
                  0000ea7e    00000002     drivers_cc26x0r2.aem3 : PowerCC26XX.oem3 (.text:emptyClockFunc)
                  0000ea80    0000006c     icall.obj (.text:ICall_send)
                  0000eaec    0000006c     icall.obj (.text:ICall_sendServiceComplete)
                  0000eb58    0000006c     driverlib.lib : osc.obj (.text:NOROM_OSCHF_AttemptToSwitchToXosc)
                  0000ebc4    0000006c     drivers_cc26x0r2.aem3 : PowerCC26XX_calibrateRCOSC.oem3 (.text:PowerCC26XX_initiateCalibration)
                  0000ec30    0000006c     cc26xx_gap_xcxx.a : gap_centdevmgr.o (.text)
                  0000ec9c    0000006c     cc26xx_gatt_xcxx.a : gatt_client.o (.text)
                  0000ed08    0000006c                        : gatt_client.o (.text)
                  0000ed74    0000006c     drivers_cc26x0r2.aem3 : PowerCC26XX.oem3 (.text:configureXOSCHF)
                  0000ede0    00000068     driverlib.lib : sys_ctrl.obj (.text:NOROM_SysCtrl_DCDC_VoltageConditionalControl)
                  0000ee48    00000068     drivers_cc26x0r2.aem3 : UARTCC26XX.oem3 (.text:UARTCC26XX_readCancel)
                  0000eeb0    00000068     cc26xx_sm_xcxx.a : sm_intpairing.o (.text)
                  0000ef18    00000068     rtsv7M3_T_le_eabi.lib : copy_decompress_lzss.c.obj (.text:decompress:lzss:__TI_decompress_lzss)
                  0000ef80    00000068     aoa_receiver_cc2640r2lp_stack_library.lib : osal_cbtimer.obj (.text:osal_CbTimerUpdate)
                  0000efe8    00000068     ble_user_config.obj (.text:rf_patch_mce_aoa_aod$12)
                  0000f050    00000068     AOA.obj (.text:rf_patch_mce_aoa_aod$5)
                  0000f0b8    00000064     drivers_cc26x0r2.aem3 : CryptoCC26XX.oem3 (.text:CryptoCC26XX_loadKey)
                  0000f11c    00000064                           : PINCC26XX.oem3 (.text:PIN_add)
                  0000f180    00000064     cc26xx_profiles_xcxx.a : gattservapp.o (.text)
                  0000f1e4    00000064     cc26xx_sm_xcxx.a : sm_intpairing.o (.text)
                  0000f248    00000062     aoa_receiver_cc2640r2lp_stack_library.lib : gapbondmgr.obj (.text:gapBondMgrBondReq$32)
                  0000f2aa    00000002                                               : hal_assert.obj (.text:halAssertHandler)
                  0000f2ac    00000060     icall.obj (.text:ICall_createRemoteTasksAtRuntime)
                  0000f30c    00000060     icall.obj (.text:ICall_enrollService)
                  0000f36c    00000060     drivers_cc26x0r2.aem3 : PowerCC26XX.oem3 (.text:PowerCC26XX_calibrate)
                  0000f3cc    0000005f     rom_sysbios.aem3 : rom_sysbios.obj (.text:xdc_runtime_Text_putLab__E)
                  0000f42b    00000001     --HOLE-- [fill = 0]
                  0000f42c    0000005e     icall.obj (.text:ICall_fetchMsg)
                  0000f48a    0000005e     cc26xx_gatt_xcxx.a : gatt_client.o (.text)
                  0000f4e8    0000005c     display.aem3 : Display.oem3 (.text:Display_doOpen)
                  0000f544    0000005c     icall.obj (.text:ICall_pwrUpdActivityCounter)
                  0000f5a0    0000005c     drivers_cc26x0r2.aem3 : PowerCC26XX_calibrateRCOSC.oem3 (.text:PowerCC26XX_RCOSC_clockFunc)
                  0000f5fc    0000005c                           : UDMACC26XX.oem3 (.text:UDMACC26XX_open)
                  0000f658    0000005c     cc26xx_gap_xcxx.a : gap_centlinkmgr.o (.text)
                  0000f6b4    0000005c     cc26xx_gatt_xcxx.a : gatt_client.o (.text)
                  0000f710    0000005c     cc26xx_profiles_xcxx.a : gattservapp.o (.text)
                  0000f76c    0000005c     app_ble_pem3.oem3 (.text:xdc_runtime_Startup_getState__I)
                  0000f7c8    00000058     drivers_cc26x0r2.aem3 : GPTimerCC26XX.oem3 (.text:GPTimerCC26XX_stop)
                  0000f820    00000058     icall.obj (.text:ICall_wait)
                  0000f878    00000058     driverlib.lib : udma.obj (.text:NOROM_uDMAChannelTransferSet)
                  0000f8d0    00000058     drivers_cc26x0r2.aem3 : PINCC26XX.oem3 (.text:PIN_remove)
                  0000f928    00000058                           : UARTCC26XX.oem3 (.text:UARTCC26XX_control)
                  0000f980    00000058     cc2640_ctrlll_xcxx_mm.a : ll.o (.text)
                  0000f9d8    00000058     cc26xx_gap_xcxx.a : gap_centdevmgr.o (.text)
                  0000fa30    00000058                       : gap_linkmgr.o (.text)
                  0000fa88    00000058     cc26xx_sm_xcxx.a : sm_intpairing.o (.text)
                  0000fae0    00000058                      : sm_intpairing.o (.text)
                  0000fb38    00000058                      : sm_intpairing.o (.text)
                  0000fb90    00000058     aoa_receiver_cc2640r2lp_stack_library.lib : osal_snv_wrapper.obj (.text:findItem$29)
                  0000fbe8    00000058                                               : gapbondmgr.obj (.text:gapBondMgrReadBonds$32)
                  0000fc40    00000058                                               : osal_cbtimer.obj (.text:osal_CbTimerStop)
                  0000fc98    00000056     cc26xx_gap_xcxx.a : gap_centlinkmgr.o (.text)
                  0000fcee    00000054     cc26xx_gatt_xcxx.a : gatt_client.o (.text)
                  0000fd42    00000002     aoa_receiver_cc2640r2lp_stack_library.lib : hal_assert.obj (.text:halAssertSpinlock)
                  0000fd44    00000054     cc26xx_profiles_xcxx.a : gattservapp.o (.text)
                  0000fd98    00000052     aoa_receiver_cc2640r2lp_stack_library.lib : gap.obj (.text:GAP_DeviceInit)
                  0000fdea    00000002     icall_api_lite.obj (.text:rfErrCb)
                  0000fdec    00000050     aoa_receiver.obj (.text:AoAReceiver_enqueueMsg$2)
                  0000fe3c    00000050     dpl_cc26x0r2.aem3 : ClockP_tirtos.oem3 (.text:ClockP_construct)
                  0000fe8c    00000050     ECCROMCC26XX.obj (.text:ECCROMCC26XX_Params_init)
                  0000fedc    00000050     aoa_receiver_cc2640r2lp_stack_library.lib : gapbondmgr.obj (.text:GAPBondMgr_LinkTerm)
                  0000ff2c    00000050     icall.obj (.text:ICall_registerApp)
                  0000ff7c    00000050     util.obj (.text:Util_convertBdAddr2Str)
                  0000ffcc    00000050     cc2640_ctrlll_xcxx_mm.a : ll.o (.text)
                  0001001c    00000050     drivers_cc26x0r2.aem3 : UARTCC26XX.oem3 (.text:startTxFifoEmptyClk)
                  0001006c    0000004c     icall.obj (.text:ICall_newTask$9)
                  000100b8    0000004c     cc26xx_att_xcxx.a : att_client.o (.text)
                  00010104    0000004c     cc26xx_gap_xcxx.a : gap_centdevmgr.o (.text)
                  00010150    0000004c     cc26xx_profiles_xcxx.a : gattservapp.o (.text)
                  0001019c    0000004c     rtsv7M3_T_le_eabi.lib : cpy_tbl.c.obj (.text:copy_in)
                  000101e8    0000004c     aoa_receiver_cc2640r2lp_stack_library.lib : osal_bufmgr.obj (.text:osal_bm_free)
                  00010234    00000048     ECCROMCC26XX.obj (.text:ECC_initGlobals$7)
                  0001027c    00000048     drivers_cc26x0r2.aem3 : PINCC26XX.oem3 (.text:PIN_setOutputEnable)
                  000102c4    00000048     util.obj (.text:Util_constructClock)
                  0001030c    00000048     cc26xx_gatt_xcxx.a : gatt_client.o (.text)
                  00010354    00000048     cc26xx_sm_xcxx.a : sm_intpairing.o (.text)
                  0001039c    00000048                      : sm_intpairing.o (.text)
                  000103e4    00000048     aoa_receiver_cc2640r2lp_stack_library.lib : gapbondmgr.obj (.text:gapBondMgrUpdateLruBondList$32)
                  0001042c    00000048                                               : osal_timers.obj (.text:osalAddTimer)
                  00010474    00000048     rom_sysbios.aem3 : rom_sysbios.obj (.text:ti_sysbios_family_arm_cc26xx_Timer_setThreshold__I)
                  000104bc    00000048     drivers_cc26x0r2.aem3 : UARTCC26XX.oem3 (.text:writeFinishedDoCallback)
                  00010504    00000046     cc26xx_gatt_xcxx.a : gatt_client.o (.text)
                  0001054a    00000002     rtsv7M3_T_le_eabi.lib : div0.asm.obj (.text)
                  0001054c    00000044     driverlib.lib : osc.obj (.text:NOROM_OSCHF_SwitchToRcOscTurnOffXosc)
                  00010590    00000044     drivers_cc26x0r2.aem3 : RingBuf.oem3 (.text:RingBuf_put)
                  000105d4    00000044     boot.aem3 : boot.oem3 (.text)
                  00010618    00000044     cc2640_ctrlll_xcxx_mm.a : ll_scheduler.o (.text)
                  0001065c    00000044     cc26xx_gap_xcxx.a : gap_centdevmgr.o (.text)
                  000106a0    00000044     aoa_receiver_cc2640r2lp_stack_library.lib : osal_timers.obj (.text:osal_start_timerEx)
                  000106e4    00000044     rom_sysbios.aem3 : rom_sysbios.obj (.text:xdc_runtime_Text_xprintf__I)
                  00010728    00000042     aoa_receiver_cc2640r2lp_stack_library.lib : gapbondmgr.obj (.text:GAPBondMgr_UpdateCharCfg)
                  0001076a    00000042     cc2640_ctrlll_xcxx_mm.a : ll_access_address.o (.text)
                  000107ac    00000040     ECCROMCC26XX.obj (.text:ECCROMCC26XX_init)
                  000107ec    00000040     drivers_cc26x0r2.aem3 : PINCC26XX.oem3 (.text:PIN_swi)
                  0001082c    00000040                           : PowerCC26XX.oem3 (.text:PowerCC26XX_isStableXOSC_HF)
                  0001086c    00000040                           : UART.oem3 (.text:UART_init)
                  000108ac    00000040                           : UART.oem3 (.text:UART_open)
[...]
2000274c  PowerCC26XX_taskKey                                                       
20002750  PowerCC26XX_swiKey                                                        
20002754  llConnEvtNotice                                                           
20002764  pairAngle_A1                                                              
2000276c  pairAngle_A2                                                              
20002778  connEvtCB                                                                 
2000277c  clientInfoTbl                                                             
20002784  ClockP_tickPeriod                                                         
20002788  readEntry                                                                 
2000278c  tasksEvents                                                               
20002790  trngCC26XXObjects                                                         
20002796  hciTaskID                                                                 
20002797  hciGapTaskID                                                              
20002798  hciTestTaskID                                                             
20002799  hciL2capTaskID                                                            
2000279a  hciSmpTaskID                                                              
2000279c  driverlib_release_0_52354                                                 
2000279d  icall_liteTaskId                                                          
2000279e  heapStart                                                                 
20004000  __stack                                                                   
20004000  heapEnd                                                                   
20004400  __STACK_END                                                               
20004400  __STACK_TOP                                                               
200044f8  RAM_BASE_ADDR                                                             
20004504  ROM_FlashJT                                                               
20004558  gapPeripheralCBs                                                          
20004564  gapPeripheralConnCBs                                                      
20004568  rfMode                                                                    
20004584  smResponderCBs                                                            
2000459c  slaveConnHandle                                                           
2000459e  nextHandle                                                                
200045a0  l2capMtuSize                                                              
200045a2  gapAppTaskID                                                              
200045a3  gapAdvAppTaskID                                                           
200045a4  gapUnwantedTaskID                                                         
200045a5  reqTaskId                                                                 
200045a6  gattAppTaskID                                                             
200045a7  appTaskID                                                                 
200045a8  flowCtrlTaskId                                                            
200045a9  SM_appTaskID                                                              
200045ac  resolvingList                                                             
200046ec  scanDataEntry                                                             
200047cc  wlTable                                                                   
200048a8  wlTableScan                                                               
20004a20  advCmd                                                                    
20004a68  localEccKeys                                                              
20004aac  initDataEntry                                                             
20004ae4  advDataEntry                                                              
20004b1c  l2capFixedChannels                                                        
20004b4c  linkCBs                                                                   
20004b7c  eccParams                                                                 
20004bac  initParam                                                                 
20004bd0  scanParam                                                                 
20004bf4  advParam                                                                  
20004c14  cryptoPRAND                                                               
20004c34  txModemTestCmd                                                            
20004c50  gapParams                                                                 
20004c6c  initCmd                                                                   
20004c84  connReqData                                                               
20004c9c  scanCmd                                                                   
20004cb4  scanOutput                                                                
20004ccc  trxTestCmd                                                                
20004ce4  rxModemTestCmd                                                            
20004cfc  rsp                                                                       
20004d14  fwParDtmCmd                                                               
20004d2c  rfSetup                                                                   
20004d44  fwParRfCmd                                                                
20004d5c  connOutput                                                                
20004d70  rxTestParam                                                               
20004d84  initDataQueue                                                             
20004d94  scanDataQueue                                                             
20004da4  advDataQueue                                                              
20004db4  advOutput                                                                 
20004dc4  txTestParam                                                               
20004dd4  initOutput                                                                
20004de0  rxTestOut                                                                 
20004dec  deviceFeatureSet                                                          
20004df8  cachedTRNGdata                                                            
20004e04  gapCurrentRandomAddr                                                      
20004e0c  slaveUpdateReq                                                            
20004e14  pBleEvtMask                                                               
20004e1c  pHciEvtMask                                                               
20004e24  pHciEvtMask2                                                              
20004e2c  ownPublicAddr                                                             
20004e34  ownRandomAddr                                                             
20004e3c  ownSavedPublicAddr                                                        
20004e44  fwImmedCmd                                                                
20004e4c  attServerNotifyTxCB                                                       
20004e50  rfEvent                                                                   
20004e58  fwParCmd                                                                  
20004e60  verInfo                                                                   
20004e68  llConns                                                                   
20004e70  fwParamImmedCmd                                                           
20004e78  privInfo                                                                  
20004e80  linkCmd                                                                   
20004e84  linkParam                                                                 
20004e88  rxDataQ                                                                   
20004e8c  txDataQ                                                                   
20004e90  rxRingBuf                                                                 
20004e94  txTestOut                                                                 
20004e98  pGapDiscReq                                                               
20004e9c  pGapAdvertState                                                           
20004ea0  pEstLink                                                                  
20004ea4  pAuthLink                                                                 
20004ea8  pfnCentralConnCBs                                                         
20004eac  pfnPeripheralConnCBs                                                      
20004eb0  pGapAdvTokens                                                             
20004eb4  pGapAdData                                                                
20004eb8  pGapScanRspData                                                           
20004ebc  pfnPeripheralCBs                                                          
20004ec0  pfnCentralCBs                                                             
20004ec4  pfnBondMgrCBs                                                             
20004ec8  serverInfoTbl                                                             
20004ecc  pServiceList                                                              
20004ed0  pfnServerProcessMsgCB                                                     
20004ed4  pfnClientProcessMsgCB                                                     
20004ed8  prepareWritesTbl                                                          
20004edc  serviceCBsList                                                            
20004ee0  pAttrValue                                                                
20004ee4  l2capChannels                                                             
20004ee8  linkDB                                                                    
20004eec  rfHandle                                                                  
20004ef0  rfDrvTblPtr                                                               
20004ef4  eccDrvTblPtr                                                              
20004ef8  cryptoDrvTblPtr                                                           
20004efc  trngDrvTblPtr                                                             
20004f00  activeConns                                                               
20004f04  SysBootMsg                                                                
20004f08  sclkSrc                                                                   
20004f0c  buildInfo                                                                 
20004f10  advInfo                                                                   
20004f14  scanInfo                                                                  
20004f18  initInfo                                                                  
20004f1c  dtmInfo                                                                   
20004f20  taskEndAction                                                             
20004f24  encParams                                                                 
20004f28  encHandle                                                                 
20004f2c  encKey                                                                    
20004f30  pPairingParams                                                            
20004f34  pfnResponderCBs                                                           
20004f38  pfnInitiatorCBs                                                           
20004f3c  gapLimitedAdvertisingTimeout                                              
20004f3e  attrLen                                                                   
20004f40  numHostBufs                                                               
20004f42  rfCmdHandle                                                               
20004f44  connInitialMaxTxOctets                                                    
20004f46  connInitialMaxTxTime                                                      
20004f48  supportedMaxTxOctets                                                      
20004f4a  supportedMaxTxTime                                                        
20004f4c  supportedMaxRxOctets                                                      
20004f4e  supportedMaxRxTime                                                        
20004f50  taskEndStatus                                                             
20004f52  postRfOperations                                                          
20004f54  rfCfgAdiVal                                                               
20004f58  gapProfileRole                                                            
20004f59  gapDeviceAddrMode                                                         
20004f5a  gapState                                                                  
20004f5b  terminateAllTaskID                                                        
20004f5c  terminateReason                                                           
20004f5d  gapTaskID                                                                 
20004f5e  gattNumConns                                                              
20004f5f  gattTaskID                                                                
20004f60  GATTServApp_TaskID                                                        
20004f61  maxNumPrepareWrites                                                       
20004f62  hciPTMenabled                                                             
20004f63  ctrlToHostEnable                                                          
20004f64  l2capFlowCtrlMode                                                         
20004f65  l2capTaskID                                                               
20004f66  l2capNumChannels                                                          
20004f67  l2capNumDataPkts                                                          
20004f68  l2capId                                                                   
20004f69  linkDBNumConns                                                            
20004f6a  linkDB_secureConnectionOnlyMode                                           
20004f6b  maxPduSize                                                                
20004f6c  rfFeModeBias                                                              
20004f6d  maxNumTxDataBufs                                                          
20004f6e  LL_TaskID                                                                 
20004f6f  llState                                                                   
20004f70  rssiCorrection                                                            
20004f71  curTxPowerVal                                                             
20004f72  maxTxPwrForDTM                                                            
20004f73  onePktPerEvt                                                              
20004f74  numComplPkts                                                              
20004f75  numComplPktsLimit                                                         
20004f76  numComplPktsFlush                                                         
20004f77  fastTxRespTime                                                            
20004f78  slOverride                                                                
20004f79  rxFifoFlowCtrl                                                            
20004f7a  numTxDataBufs                                                             
20004f7b  maxNumConns                                                               
20004f7c  smTaskID                                                                  
20004f7d  SM_appExpectingKey                                                        
20004f80  ECC_DATA$$Base                                                            
20004f80  eccRom_param_Gx                                                           
20004f84  eccRom_param_Gy                                                           
20004f88  eccRom_workzone                                                           
20004f8c  eccRom_param_p                                                            
20004f90  eccRom_param_r                                                            
20004f94  eccRom_param_a                                                            
20004f98  eccRom_param_b                                                            
20004f9c  eccRom_windowSize                                                         
20004fa0  aux64                                                                     
20004fa8  MOD                                                                       
20004fac  LEN                                                                       
20004fb0  inScalar                                                                  
20004fb4  inPointX                                                                  
20004fb8  inPointY                                                                  
20004fbc  outPointX                                                                 
20004fc0  outPointY                                                                 
20004fc4  SCAL                                                                      
20004fc8  EXPX                                                                      
20004fcc  EXPY                                                                      
20004fd0  EXPZ                                                                      
20004fd4  EXPW                                                                      
20004fd8  ACCX                                                                      
20004fdc  ACCY                                                                      
20004fe0  ACCZ                                                                      
20004fe4  TMP1                                                                      
20004fe8  TMP2                                                                      
20004fec  TMP3                                                                      
20004ff0  TMP4                                                                      
20004ff4  TMP5                                                                      
20004ff8  TMP6                                                                      
20004ffc  MSBMOD                                                                    
20005000  ECC_DATA$$Limit                                                           
20005000  __UNUSED_SRAM_end__                                                       
e000e000  ti_sysbios_family_arm_m3_Hwi_nvic                                         
ffffffff  __TI_pprof_out_hndl                                                       
ffffffff  __TI_prof_data_size                                                       
ffffffff  __TI_prof_data_start                                                      
ffffffff  __binit__                                                                 
ffffffff  __c_args__                                                                
ffffffff  binit                                                                     
UNDEFED   SHT$$INIT_ARRAY$$Base                                                     
UNDEFED   SHT$$INIT_ARRAY$$Limit                                                    

[2433 symbols]
